// Jest Snapshot v1, https://goo.gl/fbAQLP

exports[`TotalPot should render and match snapshot 1`] = `
<div
  class="rounded-lg card card-compact bg-base-100"
>
  <div
    class="items-center justify-center card-body"
  >
    <h3
      class="text-lg font-medium"
    >
      <span
        class="mr-2 text-sm"
      >
        Total Pot:
      </span>
      <span
        class="text-success"
      >
        $
        25.00
      </span>
    </h3>
  </div>
</div>
`;
